Archive member included to satisfy reference by file (symbol)

/home/brecht/Programs/SimplicityStudio_v4/developer/toolchains/gnu_arm/7.2_2017q4/bin/../lib/gcc/arm-none-eabi/7.2.1/thumb/v6-m/libgcc.a(_udivsi3.o)
                              ./CMSIS/EFM32HG/system_efm32hg.o (__aeabi_uidiv)
/home/brecht/Programs/SimplicityStudio_v4/developer/toolchains/gnu_arm/7.2_2017q4/bin/../lib/gcc/arm-none-eabi/7.2.1/thumb/v6-m/libgcc.a(_dvmd_tls.o)
                              /home/brecht/Programs/SimplicityStudio_v4/developer/toolchains/gnu_arm/7.2_2017q4/bin/../lib/gcc/arm-none-eabi/7.2.1/thumb/v6-m/libgcc.a(_udivsi3.o) (__aeabi_idiv0)
/home/brecht/Programs/SimplicityStudio_v4/developer/toolchains/gnu_arm/7.2_2017q4/bin/../lib/gcc/arm-none-eabi/7.2.1/thumb/v6-m/libgcc.a(_clzsi2.o)
                              ./emlib/em_cmu.o (__clzsi2)
/home/brecht/Programs/SimplicityStudio_v4/developer/toolchains/gnu_arm/7.2_2017q4/bin/../lib/gcc/arm-none-eabi/7.2.1/../../../../arm-none-eabi/lib/thumb/v6-m/libc_nano.a(lib_a-exit.o)
                              /home/brecht/Programs/SimplicityStudio_v4/developer/toolchains/gnu_arm/7.2_2017q4/bin/../lib/gcc/arm-none-eabi/7.2.1/../../../../arm-none-eabi/lib/thumb/v6-m/crt0.o (exit)
/home/brecht/Programs/SimplicityStudio_v4/developer/toolchains/gnu_arm/7.2_2017q4/bin/../lib/gcc/arm-none-eabi/7.2.1/../../../../arm-none-eabi/lib/thumb/v6-m/libc_nano.a(lib_a-impure.o)
                              /home/brecht/Programs/SimplicityStudio_v4/developer/toolchains/gnu_arm/7.2_2017q4/bin/../lib/gcc/arm-none-eabi/7.2.1/../../../../arm-none-eabi/lib/thumb/v6-m/libc_nano.a(lib_a-exit.o) (_global_impure_ptr)
/home/brecht/Programs/SimplicityStudio_v4/developer/toolchains/gnu_arm/7.2_2017q4/bin/../lib/gcc/arm-none-eabi/7.2.1/../../../../arm-none-eabi/lib/thumb/v6-m/libc_nano.a(lib_a-init.o)
                              /home/brecht/Programs/SimplicityStudio_v4/developer/toolchains/gnu_arm/7.2_2017q4/bin/../lib/gcc/arm-none-eabi/7.2.1/../../../../arm-none-eabi/lib/thumb/v6-m/crt0.o (__libc_init_array)
/home/brecht/Programs/SimplicityStudio_v4/developer/toolchains/gnu_arm/7.2_2017q4/bin/../lib/gcc/arm-none-eabi/7.2.1/../../../../arm-none-eabi/lib/thumb/v6-m/libc_nano.a(lib_a-memset.o)
                              /home/brecht/Programs/SimplicityStudio_v4/developer/toolchains/gnu_arm/7.2_2017q4/bin/../lib/gcc/arm-none-eabi/7.2.1/../../../../arm-none-eabi/lib/thumb/v6-m/crt0.o (memset)
/home/brecht/Programs/SimplicityStudio_v4/developer/toolchains/gnu_arm/7.2_2017q4/bin/../lib/gcc/arm-none-eabi/7.2.1/../../../../arm-none-eabi/lib/thumb/v6-m/libnosys.a(_exit.o)
                              /home/brecht/Programs/SimplicityStudio_v4/developer/toolchains/gnu_arm/7.2_2017q4/bin/../lib/gcc/arm-none-eabi/7.2.1/../../../../arm-none-eabi/lib/thumb/v6-m/libc_nano.a(lib_a-exit.o) (_exit)

Discarded input sections

 .text          0x0000000000000000        0x0 /home/brecht/Programs/SimplicityStudio_v4/developer/toolchains/gnu_arm/7.2_2017q4/bin/../lib/gcc/arm-none-eabi/7.2.1/thumb/v6-m/crti.o
 .data          0x0000000000000000        0x0 /home/brecht/Programs/SimplicityStudio_v4/developer/toolchains/gnu_arm/7.2_2017q4/bin/../lib/gcc/arm-none-eabi/7.2.1/thumb/v6-m/crti.o
 .bss           0x0000000000000000        0x0 /home/brecht/Programs/SimplicityStudio_v4/developer/toolchains/gnu_arm/7.2_2017q4/bin/../lib/gcc/arm-none-eabi/7.2.1/thumb/v6-m/crti.o
 .data          0x0000000000000000        0x4 /home/brecht/Programs/SimplicityStudio_v4/developer/toolchains/gnu_arm/7.2_2017q4/bin/../lib/gcc/arm-none-eabi/7.2.1/thumb/v6-m/crtbegin.o
 .data          0x0000000000000000        0x0 /home/brecht/Programs/SimplicityStudio_v4/developer/toolchains/gnu_arm/7.2_2017q4/bin/../lib/gcc/arm-none-eabi/7.2.1/../../../../arm-none-eabi/lib/thumb/v6-m/crt0.o
 .bss           0x0000000000000000        0x0 /home/brecht/Programs/SimplicityStudio_v4/developer/toolchains/gnu_arm/7.2_2017q4/bin/../lib/gcc/arm-none-eabi/7.2.1/../../../../arm-none-eabi/lib/thumb/v6-m/crt0.o
 .ARM.extab     0x0000000000000000        0x0 /home/brecht/Programs/SimplicityStudio_v4/developer/toolchains/gnu_arm/7.2_2017q4/bin/../lib/gcc/arm-none-eabi/7.2.1/../../../../arm-none-eabi/lib/thumb/v6-m/crt0.o
 .text          0x0000000000000000        0x0 ./BSP/bsp_stk_leds.o
 .data          0x0000000000000000        0x0 ./BSP/bsp_stk_leds.o
 .bss           0x0000000000000000        0x0 ./BSP/bsp_stk_leds.o
 .text.BUS_RegBitRead
                0x0000000000000000       0x20 ./BSP/bsp_stk_leds.o
 .text.GPIO_PinOutGet
                0x0000000000000000       0xac ./BSP/bsp_stk_leds.o
 .text.GPIO_PinOutToggle
                0x0000000000000000       0xac ./BSP/bsp_stk_leds.o
 .text.BSP_LedsGet
                0x0000000000000000       0x68 ./BSP/bsp_stk_leds.o
 .text.BSP_LedsSet
                0x0000000000000000       0x70 ./BSP/bsp_stk_leds.o
 .text.BSP_LedGet
                0x0000000000000000       0x48 ./BSP/bsp_stk_leds.o
 .text.BSP_LedToggle
                0x0000000000000000       0x44 ./BSP/bsp_stk_leds.o
 .data          0x0000000000000000        0x0 ./CMSIS/EFM32HG/startup_efm32hg.o
 .bss           0x0000000000000000        0x0 ./CMSIS/EFM32HG/startup_efm32hg.o
 .text          0x0000000000000000        0x0 ./CMSIS/EFM32HG/system_efm32hg.o
 .data          0x0000000000000000        0x0 ./CMSIS/EFM32HG/system_efm32hg.o
 .bss           0x0000000000000000        0x0 ./CMSIS/EFM32HG/system_efm32hg.o
 .text.SystemMaxCoreClockGet
                0x0000000000000000       0x10 ./CMSIS/EFM32HG/system_efm32hg.o
 .text.SystemHFXOClockGet
                0x0000000000000000       0x14 ./CMSIS/EFM32HG/system_efm32hg.o
 .text.SystemHFXOClockSet
                0x0000000000000000       0x30 ./CMSIS/EFM32HG/system_efm32hg.o
 .text.SystemLFXOClockSet
                0x0000000000000000       0x30 ./CMSIS/EFM32HG/system_efm32hg.o
 .text          0x0000000000000000        0x0 ./emlib/em_assert.o
 .data          0x0000000000000000        0x0 ./emlib/em_assert.o
 .bss           0x0000000000000000        0x0 ./emlib/em_assert.o
 .text          0x0000000000000000        0x0 ./emlib/em_cmu.o
 .data          0x0000000000000000        0x0 ./emlib/em_cmu.o
 .bss           0x0000000000000000        0x0 ./emlib/em_cmu.o
 .text.BUS_RegBitRead
                0x0000000000000000       0x20 ./emlib/em_cmu.o
 .text.BUS_RegMaskedWrite
                0x0000000000000000       0x26 ./emlib/em_cmu.o
 .text.CMU_DivToLog2
                0x0000000000000000       0x48 ./emlib/em_cmu.o
 .text.CMU_Log2ToDiv
                0x0000000000000000       0x34 ./emlib/em_cmu.o
 .text.flashWaitStateControl
                0x0000000000000000       0x54 ./emlib/em_cmu.o
 .text.flashWaitStateMax
                0x0000000000000000       0x44 ./emlib/em_cmu.o
 .text.CMU_UpdateWaitStates
                0x0000000000000000       0x48 ./emlib/em_cmu.o
 .text.hfperClkSafePrescaler
                0x0000000000000000        0xa ./emlib/em_cmu.o
 .text.hfperClkOptimizedPrescaler
                0x0000000000000000        0xa ./emlib/em_cmu.o
 .text.CMU_AUXHFRCOBandGet
                0x0000000000000000       0x1c ./emlib/em_cmu.o
 .text.CMU_AUXHFRCOBandSet
                0x0000000000000000       0xa4 ./emlib/em_cmu.o
 .rodata.CMU_AUXHFRCOBandSet
                0x0000000000000000       0x20 ./emlib/em_cmu.o
 .text.CMU_Calibrate
                0x0000000000000000       0xb8 ./emlib/em_cmu.o
 .rodata.CMU_Calibrate
                0x0000000000000000       0x18 ./emlib/em_cmu.o
 .text.CMU_CalibrateConfig
                0x0000000000000000      0x11c ./emlib/em_cmu.o
 .rodata.CMU_CalibrateConfig
                0x0000000000000000       0x30 ./emlib/em_cmu.o
 .text.CMU_CalibrateCountGet
                0x0000000000000000       0x38 ./emlib/em_cmu.o
 .text.CMU_ClockDivGet
                0x0000000000000000      0x108 ./emlib/em_cmu.o
 .rodata.CMU_ClockDivGet
                0x0000000000000000       0x28 ./emlib/em_cmu.o
 .text.CMU_ClockDivSet
                0x0000000000000000      0x1ec ./emlib/em_cmu.o
 .rodata.CMU_ClockDivSet
                0x0000000000000000       0x28 ./emlib/em_cmu.o
 .text.CMU_ClockSelectSet
                0x0000000000000000      0x2a8 ./emlib/em_cmu.o
 .rodata.CMU_ClockSelectSet
                0x0000000000000000       0x88 ./emlib/em_cmu.o
 .text.CMU_FreezeEnable
                0x0000000000000000       0x38 ./emlib/em_cmu.o
 .text.CMU_HFRCOBandGet
                0x0000000000000000       0x1c ./emlib/em_cmu.o
 .text.CMU_HFRCOBandSet
                0x0000000000000000       0xd8 ./emlib/em_cmu.o
 .rodata.CMU_HFRCOBandSet
                0x0000000000000000       0x14 ./emlib/em_cmu.o
 .text.CMU_HFRCOStartupDelayGet
                0x0000000000000000       0x18 ./emlib/em_cmu.o
 .text.CMU_HFRCOStartupDelaySet
                0x0000000000000000       0x50 ./emlib/em_cmu.o
 .text.CMU_HFXOInit
                0x0000000000000000       0x78 ./emlib/em_cmu.o
 .text.CMU_LCDClkFDIVGet
                0x0000000000000000        0xc ./emlib/em_cmu.o
 .text.CMU_LCDClkFDIVSet
                0x0000000000000000       0x10 ./emlib/em_cmu.o
 .text.CMU_LFXOInit
                0x0000000000000000       0x80 ./emlib/em_cmu.o
 .text.CMU_OscillatorEnable
                0x0000000000000000       0xe4 ./emlib/em_cmu.o
 .rodata.CMU_OscillatorEnable
                0x0000000000000000       0x18 ./emlib/em_cmu.o
 .text.CMU_OscillatorTuningGet
                0x0000000000000000       0x80 ./emlib/em_cmu.o
 .text.CMU_OscillatorTuningSet
                0x0000000000000000      0x118 ./emlib/em_cmu.o
 .text.CMU_PCNTClockExternalGet
                0x0000000000000000       0x34 ./emlib/em_cmu.o
 .text.CMU_PCNTClockExternalSet
                0x0000000000000000       0x54 ./emlib/em_cmu.o
 .text.CMU_USHFRCOBandGet
                0x0000000000000000       0x1c ./emlib/em_cmu.o
 .text.CMU_USHFRCOBandSet
                0x0000000000000000      0x108 ./emlib/em_cmu.o
 .text          0x0000000000000000        0x0 ./emlib/em_core.o
 .data          0x0000000000000000        0x0 ./emlib/em_core.o
 .bss           0x0000000000000000        0x0 ./emlib/em_core.o
 .text.__NVIC_GetPriority
                0x0000000000000000       0x7c ./emlib/em_core.o
 .text.CORE_CriticalDisableIrq
                0x0000000000000000        0xc ./emlib/em_core.o
 .text.CORE_CriticalEnableIrq
                0x0000000000000000        0xc ./emlib/em_core.o
 .text.CORE_EnterCritical
                0x0000000000000000       0x1c ./emlib/em_core.o
 .text.CORE_ExitCritical
                0x0000000000000000       0x18 ./emlib/em_core.o
 .text.CORE_YieldCritical
                0x0000000000000000       0x24 ./emlib/em_core.o
 .text.CORE_AtomicDisableIrq
                0x0000000000000000        0xc ./emlib/em_core.o
 .text.CORE_AtomicEnableIrq
                0x0000000000000000        0xc ./emlib/em_core.o
 .text.CORE_EnterAtomic
                0x0000000000000000       0x1c ./emlib/em_core.o
 .text.CORE_ExitAtomic
                0x0000000000000000       0x18 ./emlib/em_core.o
 .text.CORE_YieldAtomic
                0x0000000000000000       0x24 ./emlib/em_core.o
 .text.CORE_EnterNvicMask
                0x0000000000000000       0x38 ./emlib/em_core.o
 .text.CORE_NvicDisableMask
                0x0000000000000000       0x2c ./emlib/em_core.o
 .text.CORE_NvicEnableMask
                0x0000000000000000       0x2c ./emlib/em_core.o
 .text.CORE_YieldNvicMask
                0x0000000000000000       0x58 ./emlib/em_core.o
 .rodata        0x0000000000000000       0x6b ./emlib/em_core.o
 .text.CORE_NvicMaskSetIRQ
                0x0000000000000000       0x6c ./emlib/em_core.o
 .text.CORE_NvicMaskClearIRQ
                0x0000000000000000       0x6c ./emlib/em_core.o
 .text.CORE_InIrqContext
                0x0000000000000000       0x1c ./emlib/em_core.o
 .text.CORE_IrqIsBlocked
                0x0000000000000000       0xa4 ./emlib/em_core.o
 .text.CORE_IrqIsDisabled
                0x0000000000000000       0x22 ./emlib/em_core.o
 .text.CORE_GetNvicEnabledMask
                0x0000000000000000       0x2c ./emlib/em_core.o
 .text.CORE_GetNvicMaskDisableState
                0x0000000000000000       0x38 ./emlib/em_core.o
 .text.CORE_NvicIRQDisabled
                0x0000000000000000       0x68 ./emlib/em_core.o
 .text.CORE_GetNvicRamTableHandler
                0x0000000000000000       0x54 ./emlib/em_core.o
 .text.CORE_SetNvicRamTableHandler
                0x0000000000000000       0x58 ./emlib/em_core.o
 .text.CORE_InitNvicVectorTable
                0x0000000000000000      0x128 ./emlib/em_core.o
 .debug_info    0x0000000000000000     0x1411 ./emlib/em_core.o
 .debug_abbrev  0x0000000000000000      0x307 ./emlib/em_core.o
 .debug_loc     0x0000000000000000      0x574 ./emlib/em_core.o
 .debug_aranges
                0x0000000000000000       0xe8 ./emlib/em_core.o
 .debug_ranges  0x0000000000000000       0xd8 ./emlib/em_core.o
 .debug_line    0x0000000000000000      0x72c ./emlib/em_core.o
 .debug_str     0x0000000000000000      0xb31 ./emlib/em_core.o
 .comment       0x0000000000000000       0x7f ./emlib/em_core.o
 .debug_frame   0x0000000000000000      0x33c ./emlib/em_core.o
 .ARM.attributes
                0x0000000000000000       0x32 ./emlib/em_core.o
 .text          0x0000000000000000        0x0 ./emlib/em_emu.o
 .data          0x0000000000000000        0x0 ./emlib/em_emu.o
 .bss           0x0000000000000000        0x0 ./emlib/em_emu.o
 .text.SystemCoreClockUpdate
                0x0000000000000000        0xe ./emlib/em_emu.o
 .text.EMU_Unlock
                0x0000000000000000       0x18 ./emlib/em_emu.o
 .text.CMU_Lock
                0x0000000000000000       0x18 ./emlib/em_emu.o
 .text.CMU_Unlock
                0x0000000000000000       0x1c ./emlib/em_emu.o
 .ram           0x0000000000000000       0x10 ./emlib/em_emu.o
 .text.emState  0x0000000000000000       0xe4 ./emlib/em_emu.o
 .text.EMU_EnterEM2
                0x0000000000000000       0x5c ./emlib/em_emu.o
 .text.EMU_EnterEM3
                0x0000000000000000       0x78 ./emlib/em_emu.o
 .text.EMU_Save
                0x0000000000000000       0x10 ./emlib/em_emu.o
 .text.EMU_Restore
                0x0000000000000000       0x10 ./emlib/em_emu.o
 .text.EMU_EnterEM4
                0x0000000000000000       0x60 ./emlib/em_emu.o
 .text.EMU_MemPwrDown
                0x0000000000000000       0x10 ./emlib/em_emu.o
 .text.EMU_RamPowerDown
                0x0000000000000000       0x24 ./emlib/em_emu.o
 .text.EMU_RamPowerUp
                0x0000000000000000        0xa ./emlib/em_emu.o
 .text.EMU_UpdateOscConfig
                0x0000000000000000       0x10 ./emlib/em_emu.o
 .text.EMU_EM23Init
                0x0000000000000000       0x34 ./emlib/em_emu.o
 .bss.cmuStatus.8011
                0x0000000000000000        0x4 ./emlib/em_emu.o
 .bss.hfClock.8012
                0x0000000000000000        0x1 ./emlib/em_emu.o
 .debug_info    0x0000000000000000     0x11d4 ./emlib/em_emu.o
 .debug_abbrev  0x0000000000000000      0x2cd ./emlib/em_emu.o
 .debug_loc     0x0000000000000000      0x314 ./emlib/em_emu.o
 .debug_aranges
                0x0000000000000000       0x98 ./emlib/em_emu.o
 .debug_ranges  0x0000000000000000       0x88 ./emlib/em_emu.o
 .debug_line    0x0000000000000000      0x5b3 ./emlib/em_emu.o
 .debug_str     0x0000000000000000      0xbed ./emlib/em_emu.o
 .comment       0x0000000000000000       0x7f ./emlib/em_emu.o
 .debug_frame   0x0000000000000000      0x1ec ./emlib/em_emu.o
 .ARM.attributes
                0x0000000000000000       0x32 ./emlib/em_emu.o
 .text          0x0000000000000000        0x0 ./emlib/em_gpio.o
 .data          0x0000000000000000        0x0 ./emlib/em_gpio.o
 .bss           0x0000000000000000        0x0 ./emlib/em_gpio.o
 .text.BUS_RegBitWrite
                0x0000000000000000       0x3c ./emlib/em_gpio.o
 .text.BUS_RegMaskedWrite
                0x0000000000000000       0x26 ./emlib/em_gpio.o
 .text.GPIO_EM4SetPinRetention
                0x0000000000000000       0x28 ./emlib/em_gpio.o
 .text.GPIO_IntClear
                0x0000000000000000       0x20 ./emlib/em_gpio.o
 .text.GPIO_DbgLocationSet
                0x0000000000000000       0x10 ./emlib/em_gpio.o
 .text.GPIO_DriveModeSet
                0x0000000000000000       0x90 ./emlib/em_gpio.o
 .text.GPIO_ExtIntConfig
                0x0000000000000000      0x150 ./emlib/em_gpio.o
 .text.GPIO_PinModeGet
                0x0000000000000000       0xe8 ./emlib/em_gpio.o
 .text.GPIO_EM4EnablePinWakeup
                0x0000000000000000       0x9c ./emlib/em_gpio.o
 .text          0x0000000000000000        0x0 ./src/blink.o
 .data          0x0000000000000000        0x0 ./src/blink.o
 .bss           0x0000000000000000        0x0 ./src/blink.o
 .data          0x0000000000000000        0x0 /home/brecht/Programs/SimplicityStudio_v4/developer/toolchains/gnu_arm/7.2_2017q4/bin/../lib/gcc/arm-none-eabi/7.2.1/thumb/v6-m/libgcc.a(_udivsi3.o)
 .bss           0x0000000000000000        0x0 /home/brecht/Programs/SimplicityStudio_v4/developer/toolchains/gnu_arm/7.2_2017q4/bin/../lib/gcc/arm-none-eabi/7.2.1/thumb/v6-m/libgcc.a(_udivsi3.o)
 .data          0x0000000000000000        0x0 /home/brecht/Programs/SimplicityStudio_v4/developer/toolchains/gnu_arm/7.2_2017q4/bin/../lib/gcc/arm-none-eabi/7.2.1/thumb/v6-m/libgcc.a(_dvmd_tls.o)
 .bss           0x0000000000000000        0x0 /home/brecht/Programs/SimplicityStudio_v4/developer/toolchains/gnu_arm/7.2_2017q4/bin/../lib/gcc/arm-none-eabi/7.2.1/thumb/v6-m/libgcc.a(_dvmd_tls.o)
 .text          0x0000000000000000       0x3c /home/brecht/Programs/SimplicityStudio_v4/developer/toolchains/gnu_arm/7.2_2017q4/bin/../lib/gcc/arm-none-eabi/7.2.1/thumb/v6-m/libgcc.a(_clzsi2.o)
 .data          0x0000000000000000        0x0 /home/brecht/Programs/SimplicityStudio_v4/developer/toolchains/gnu_arm/7.2_2017q4/bin/../lib/gcc/arm-none-eabi/7.2.1/thumb/v6-m/libgcc.a(_clzsi2.o)
 .bss           0x0000000000000000        0x0 /home/brecht/Programs/SimplicityStudio_v4/developer/toolchains/gnu_arm/7.2_2017q4/bin/../lib/gcc/arm-none-eabi/7.2.1/thumb/v6-m/libgcc.a(_clzsi2.o)
 .ARM.attributes
                0x0000000000000000       0x1e /home/brecht/Programs/SimplicityStudio_v4/developer/toolchains/gnu_arm/7.2_2017q4/bin/../lib/gcc/arm-none-eabi/7.2.1/thumb/v6-m/libgcc.a(_clzsi2.o)
 .text          0x0000000000000000        0x0 /home/brecht/Programs/SimplicityStudio_v4/developer/toolchains/gnu_arm/7.2_2017q4/bin/../lib/gcc/arm-none-eabi/7.2.1/../../../../arm-none-eabi/lib/thumb/v6-m/libc_nano.a(lib_a-exit.o)
 .data          0x0000000000000000        0x0 /home/brecht/Programs/SimplicityStudio_v4/developer/toolchains/gnu_arm/7.2_2017q4/bin/../lib/gcc/arm-none-eabi/7.2.1/../../../../arm-none-eabi/lib/thumb/v6-m/libc_nano.a(lib_a-exit.o)
 .bss           0x0000000000000000        0x0 /home/brecht/Programs/SimplicityStudio_v4/developer/toolchains/gnu_arm/7.2_2017q4/bin/../lib/gcc/arm-none-eabi/7.2.1/../../../../arm-none-eabi/lib/thumb/v6-m/libc_nano.a(lib_a-exit.o)
 .text          0x0000000000000000        0x0 /home/brecht/Programs/SimplicityStudio_v4/developer/toolchains/gnu_arm/7.2_2017q4/bin/../lib/gcc/arm-none-eabi/7.2.1/../../../../arm-none-eabi/lib/thumb/v6-m/libc_nano.a(lib_a-impure.o)
 .data          0x0000000000000000        0x0 /home/brecht/Programs/SimplicityStudio_v4/developer/toolchains/gnu_arm/7.2_2017q4/bin/../lib/gcc/arm-none-eabi/7.2.1/../../../../arm-none-eabi/lib/thumb/v6-m/libc_nano.a(lib_a-impure.o)
 .bss           0x0000000000000000        0x0 /home/brecht/Programs/SimplicityStudio_v4/developer/toolchains/gnu_arm/7.2_2017q4/bin/../lib/gcc/arm-none-eabi/7.2.1/../../../../arm-none-eabi/lib/thumb/v6-m/libc_nano.a(lib_a-impure.o)
 .data._impure_ptr
                0x0000000000000000        0x4 /home/brecht/Programs/SimplicityStudio_v4/developer/toolchains/gnu_arm/7.2_2017q4/bin/../lib/gcc/arm-none-eabi/7.2.1/../../../../arm-none-eabi/lib/thumb/v6-m/libc_nano.a(lib_a-impure.o)
 .text          0x0000000000000000        0x0 /home/brecht/Programs/SimplicityStudio_v4/developer/toolchains/gnu_arm/7.2_2017q4/bin/../lib/gcc/arm-none-eabi/7.2.1/../../../../arm-none-eabi/lib/thumb/v6-m/libc_nano.a(lib_a-init.o)
 .data          0x0000000000000000        0x0 /home/brecht/Programs/SimplicityStudio_v4/developer/toolchains/gnu_arm/7.2_2017q4/bin/../lib/gcc/arm-none-eabi/7.2.1/../../../../arm-none-eabi/lib/thumb/v6-m/libc_nano.a(lib_a-init.o)
 .bss           0x0000000000000000        0x0 /home/brecht/Programs/SimplicityStudio_v4/developer/toolchains/gnu_arm/7.2_2017q4/bin/../lib/gcc/arm-none-eabi/7.2.1/../../../../arm-none-eabi/lib/thumb/v6-m/libc_nano.a(lib_a-init.o)
 .text          0x0000000000000000        0x0 /home/brecht/Programs/SimplicityStudio_v4/developer/toolchains/gnu_arm/7.2_2017q4/bin/../lib/gcc/arm-none-eabi/7.2.1/../../../../arm-none-eabi/lib/thumb/v6-m/libc_nano.a(lib_a-memset.o)
 .data          0x0000000000000000        0x0 /home/brecht/Programs/SimplicityStudio_v4/developer/toolchains/gnu_arm/7.2_2017q4/bin/../lib/gcc/arm-none-eabi/7.2.1/../../../../arm-none-eabi/lib/thumb/v6-m/libc_nano.a(lib_a-memset.o)
 .bss           0x0000000000000000        0x0 /home/brecht/Programs/SimplicityStudio_v4/developer/toolchains/gnu_arm/7.2_2017q4/bin/../lib/gcc/arm-none-eabi/7.2.1/../../../../arm-none-eabi/lib/thumb/v6-m/libc_nano.a(lib_a-memset.o)
 .text          0x0000000000000000        0x0 /home/brecht/Programs/SimplicityStudio_v4/developer/toolchains/gnu_arm/7.2_2017q4/bin/../lib/gcc/arm-none-eabi/7.2.1/../../../../arm-none-eabi/lib/thumb/v6-m/libnosys.a(_exit.o)
 .data          0x0000000000000000        0x0 /home/brecht/Programs/SimplicityStudio_v4/developer/toolchains/gnu_arm/7.2_2017q4/bin/../lib/gcc/arm-none-eabi/7.2.1/../../../../arm-none-eabi/lib/thumb/v6-m/libnosys.a(_exit.o)
 .bss           0x0000000000000000        0x0 /home/brecht/Programs/SimplicityStudio_v4/developer/toolchains/gnu_arm/7.2_2017q4/bin/../lib/gcc/arm-none-eabi/7.2.1/../../../../arm-none-eabi/lib/thumb/v6-m/libnosys.a(_exit.o)
 .text          0x0000000000000000        0x0 /home/brecht/Programs/SimplicityStudio_v4/developer/toolchains/gnu_arm/7.2_2017q4/bin/../lib/gcc/arm-none-eabi/7.2.1/thumb/v6-m/crtend.o
 .data          0x0000000000000000        0x0 /home/brecht/Programs/SimplicityStudio_v4/developer/toolchains/gnu_arm/7.2_2017q4/bin/../lib/gcc/arm-none-eabi/7.2.1/thumb/v6-m/crtend.o
 .bss           0x0000000000000000        0x0 /home/brecht/Programs/SimplicityStudio_v4/developer/toolchains/gnu_arm/7.2_2017q4/bin/../lib/gcc/arm-none-eabi/7.2.1/thumb/v6-m/crtend.o
 .text          0x0000000000000000        0x0 /home/brecht/Programs/SimplicityStudio_v4/developer/toolchains/gnu_arm/7.2_2017q4/bin/../lib/gcc/arm-none-eabi/7.2.1/thumb/v6-m/crtn.o
 .data          0x0000000000000000        0x0 /home/brecht/Programs/SimplicityStudio_v4/developer/toolchains/gnu_arm/7.2_2017q4/bin/../lib/gcc/arm-none-eabi/7.2.1/thumb/v6-m/crtn.o
 .bss           0x0000000000000000        0x0 /home/brecht/Programs/SimplicityStudio_v4/developer/toolchains/gnu_arm/7.2_2017q4/bin/../lib/gcc/arm-none-eabi/7.2.1/thumb/v6-m/crtn.o

Memory Configuration

Name             Origin             Length             Attributes
FLASH            0x0000000000000000 0x0000000000010000 xr
RAM              0x0000000020000000 0x0000000000002000 xrw
*default*        0x0000000000000000 0xffffffffffffffff

Linker script and memory map

LOAD /home/brecht/Programs/SimplicityStudio_v4/developer/toolchains/gnu_arm/7.2_2017q4/bin/../lib/gcc/arm-none-eabi/7.2.1/thumb/v6-m/crti.o
LOAD /home/brecht/Programs/SimplicityStudio_v4/developer/toolchains/gnu_arm/7.2_2017q4/bin/../lib/gcc/arm-none-eabi/7.2.1/thumb/v6-m/crtbegin.o
LOAD /home/brecht/Programs/SimplicityStudio_v4/developer/toolchains/gnu_arm/7.2_2017q4/bin/../lib/gcc/arm-none-eabi/7.2.1/../../../../arm-none-eabi/lib/thumb/v6-m/crt0.o
LOAD ./BSP/bsp_stk_leds.o
LOAD ./CMSIS/EFM32HG/startup_efm32hg.o
LOAD ./CMSIS/EFM32HG/system_efm32hg.o
LOAD ./emlib/em_assert.o
LOAD ./emlib/em_cmu.o
LOAD ./emlib/em_core.o
LOAD ./emlib/em_emu.o
LOAD ./emlib/em_gpio.o
LOAD ./src/blink.o
START GROUP
LOAD /home/brecht/Programs/SimplicityStudio_v4/developer/toolchains/gnu_arm/7.2_2017q4/bin/../lib/gcc/arm-none-eabi/7.2.1/thumb/v6-m/libgcc.a
LOAD /home/brecht/Programs/SimplicityStudio_v4/developer/toolchains/gnu_arm/7.2_2017q4/bin/../lib/gcc/arm-none-eabi/7.2.1/../../../../arm-none-eabi/lib/thumb/v6-m/libc_nano.a
LOAD /home/brecht/Programs/SimplicityStudio_v4/developer/toolchains/gnu_arm/7.2_2017q4/bin/../lib/gcc/arm-none-eabi/7.2.1/../../../../arm-none-eabi/lib/thumb/v6-m/libnosys.a
END GROUP
START GROUP
LOAD /home/brecht/Programs/SimplicityStudio_v4/developer/toolchains/gnu_arm/7.2_2017q4/bin/../lib/gcc/arm-none-eabi/7.2.1/thumb/v6-m/libgcc.a
LOAD /home/brecht/Programs/SimplicityStudio_v4/developer/toolchains/gnu_arm/7.2_2017q4/bin/../lib/gcc/arm-none-eabi/7.2.1/../../../../arm-none-eabi/lib/thumb/v6-m/libg_nano.a
LOAD /home/brecht/Programs/SimplicityStudio_v4/developer/toolchains/gnu_arm/7.2_2017q4/bin/../lib/gcc/arm-none-eabi/7.2.1/../../../../arm-none-eabi/lib/thumb/v6-m/libc_nano.a
END GROUP
START GROUP
LOAD /home/brecht/Programs/SimplicityStudio_v4/developer/toolchains/gnu_arm/7.2_2017q4/bin/../lib/gcc/arm-none-eabi/7.2.1/thumb/v6-m/libgcc.a
LOAD /home/brecht/Programs/SimplicityStudio_v4/developer/toolchains/gnu_arm/7.2_2017q4/bin/../lib/gcc/arm-none-eabi/7.2.1/../../../../arm-none-eabi/lib/thumb/v6-m/libc_nano.a
END GROUP
LOAD /home/brecht/Programs/SimplicityStudio_v4/developer/toolchains/gnu_arm/7.2_2017q4/bin/../lib/gcc/arm-none-eabi/7.2.1/thumb/v6-m/crtend.o
LOAD /home/brecht/Programs/SimplicityStudio_v4/developer/toolchains/gnu_arm/7.2_2017q4/bin/../lib/gcc/arm-none-eabi/7.2.1/thumb/v6-m/crtn.o

.text           0x0000000000000000     0x15fc
 *(.vectors)
 .vectors       0x0000000000000000       0x94 ./CMSIS/EFM32HG/startup_efm32hg.o
                0x0000000000000000                __Vectors
                0x0000000000000094                __Vectors_End = .
                0x0000000000000094                __Vectors_Size = (__Vectors_End - __Vectors)
                0x0000000000000094                __end__ = .
 *(.text*)
 .text          0x0000000000000094       0x48 /home/brecht/Programs/SimplicityStudio_v4/developer/toolchains/gnu_arm/7.2_2017q4/bin/../lib/gcc/arm-none-eabi/7.2.1/thumb/v6-m/crtbegin.o
 .text          0x00000000000000dc       0x78 /home/brecht/Programs/SimplicityStudio_v4/developer/toolchains/gnu_arm/7.2_2017q4/bin/../lib/gcc/arm-none-eabi/7.2.1/../../../../arm-none-eabi/lib/thumb/v6-m/crt0.o
                0x00000000000000dc                _mainCRTStartup
                0x00000000000000dc                _start
 .text.GPIO_PinOutClear
                0x0000000000000154       0xac ./BSP/bsp_stk_leds.o
 .text.GPIO_PinOutSet
                0x0000000000000200       0xac ./BSP/bsp_stk_leds.o
 .text.BSP_LedsInit
                0x00000000000002ac       0x60 ./BSP/bsp_stk_leds.o
                0x00000000000002ac                BSP_LedsInit
 .text.BSP_LedClear
                0x000000000000030c       0x44 ./BSP/bsp_stk_leds.o
                0x000000000000030c                BSP_LedClear
 .text.BSP_LedSet
                0x0000000000000350       0x44 ./BSP/bsp_stk_leds.o
                0x0000000000000350                BSP_LedSet
 .text          0x0000000000000394       0x30 ./CMSIS/EFM32HG/startup_efm32hg.o
                0x0000000000000394                Reset_Handler
                0x00000000000003c0                TIMER2_IRQHandler
                0x00000000000003c0                USART0_TX_IRQHandler
                0x00000000000003c0                I2C0_IRQHandler
                0x00000000000003c0                HardFault_Handler
                0x00000000000003c0                USART1_RX_IRQHandler
                0x00000000000003c0                PendSV_Handler
                0x00000000000003c0                NMI_Handler
                0x00000000000003c0                USART1_TX_IRQHandler
                0x00000000000003c0                MSC_IRQHandler
                0x00000000000003c0                ADC0_IRQHandler
                0x00000000000003c0                LEUART0_IRQHandler
                0x00000000000003c0                GPIO_EVEN_IRQHandler
                0x00000000000003c0                RTC_IRQHandler
                0x00000000000003c0                TIMER0_IRQHandler
                0x00000000000003c0                TIMER1_IRQHandler
                0x00000000000003c0                Default_Handler
                0x00000000000003c0                PCNT0_IRQHandler
                0x00000000000003c0                USB_IRQHandler
                0x00000000000003c0                ACMP0_IRQHandler
                0x00000000000003c0                USART0_RX_IRQHandler
                0x00000000000003c0                SVC_Handler
                0x00000000000003c0                CMU_IRQHandler
                0x00000000000003c0                GPIO_ODD_IRQHandler
                0x00000000000003c0                AES_IRQHandler
                0x00000000000003c0                VCMP_IRQHandler
                0x00000000000003c0                DMA_IRQHandler
 .text.SystemCoreClockGet
                0x00000000000003c4       0x38 ./CMSIS/EFM32HG/system_efm32hg.o
                0x00000000000003c4                SystemCoreClockGet
 .text.SystemHFClockGet
                0x00000000000003fc       0xfc ./CMSIS/EFM32HG/system_efm32hg.o
                0x00000000000003fc                SystemHFClockGet
 .text.SystemInit
                0x00000000000004f8       0x18 ./CMSIS/EFM32HG/system_efm32hg.o
                0x00000000000004f8                SystemInit
 .text.SystemLFRCOClockGet
                0x0000000000000510        0xe ./CMSIS/EFM32HG/system_efm32hg.o
                0x0000000000000510                SystemLFRCOClockGet
 .text.SystemULFRCOClockGet
                0x000000000000051e        0xe ./CMSIS/EFM32HG/system_efm32hg.o
                0x000000000000051e                SystemULFRCOClockGet
 .text.SystemLFXOClockGet
                0x000000000000052c       0x14 ./CMSIS/EFM32HG/system_efm32hg.o
                0x000000000000052c                SystemLFXOClockGet
 .text.assertEFM
                0x0000000000000540        0xc ./emlib/em_assert.o
                0x0000000000000540                assertEFM
 .text.BUS_RegBitWrite
                0x000000000000054c       0x3c ./emlib/em_cmu.o
 .text.SYSTEM_GetProdRev
                0x0000000000000588       0x18 ./emlib/em_cmu.o
 .text.auxClkGet
                0x00000000000005a0       0xc0 ./emlib/em_cmu.o
 .text.dbgClkGet
                0x0000000000000660       0x5c ./emlib/em_cmu.o
 .text.lfClkGet
                0x00000000000006bc      0x12c ./emlib/em_cmu.o
 .text.syncReg  0x00000000000007e8       0x2c ./emlib/em_cmu.o
 .text.usbCClkGet
                0x0000000000000814       0x6c ./emlib/em_cmu.o
 .text.CMU_ClockEnable
                0x0000000000000880       0xc4 ./emlib/em_cmu.o
                0x0000000000000880                CMU_ClockEnable
 .text.CMU_ClockFreqGet
                0x0000000000000944      0x154 ./emlib/em_cmu.o
                0x0000000000000944                CMU_ClockFreqGet
 .text.CMU_ClockSelectGet
                0x0000000000000a98      0x1f0 ./emlib/em_cmu.o
                0x0000000000000a98                CMU_ClockSelectGet
 .text.GPIO_PinOutClear
                0x0000000000000c88       0xac ./emlib/em_gpio.o
 .text.GPIO_PinOutSet
                0x0000000000000d34       0xac ./emlib/em_gpio.o
 .text.GPIO_PinModeSet
                0x0000000000000de0      0x1b4 ./emlib/em_gpio.o
                0x0000000000000de0                GPIO_PinModeSet
 .text.__NVIC_SetPriority
                0x0000000000000f94       0xdc ./src/blink.o
 .text.SysTick_Config
                0x0000000000001070       0x48 ./src/blink.o
 .text.SYSTEM_GetProdRev
                0x00000000000010b8       0x18 ./src/blink.o
 .text.CHIP_Init
                0x00000000000010d0       0x4c ./src/blink.o
 .text.SysTick_Handler
                0x000000000000111c       0x18 ./src/blink.o
                0x000000000000111c                SysTick_Handler
 .text.Delay    0x0000000000001134       0x2c ./src/blink.o
 .text.main     0x0000000000001160       0x64 ./src/blink.o
                0x0000000000001160                main
 .text          0x00000000000011c4      0x114 /home/brecht/Programs/SimplicityStudio_v4/developer/toolchains/gnu_arm/7.2_2017q4/bin/../lib/gcc/arm-none-eabi/7.2.1/thumb/v6-m/libgcc.a(_udivsi3.o)
                0x00000000000011c4                __udivsi3
                0x00000000000011c4                __aeabi_uidiv
                0x00000000000012d0                __aeabi_uidivmod
 .text          0x00000000000012d8        0x4 /home/brecht/Programs/SimplicityStudio_v4/developer/toolchains/gnu_arm/7.2_2017q4/bin/../lib/gcc/arm-none-eabi/7.2.1/thumb/v6-m/libgcc.a(_dvmd_tls.o)
                0x00000000000012d8                __aeabi_ldiv0
                0x00000000000012d8                __aeabi_idiv0
 .text.exit     0x00000000000012dc       0x2c /home/brecht/Programs/SimplicityStudio_v4/developer/toolchains/gnu_arm/7.2_2017q4/bin/../lib/gcc/arm-none-eabi/7.2.1/../../../../arm-none-eabi/lib/thumb/v6-m/libc_nano.a(lib_a-exit.o)
                0x00000000000012dc                exit
 .text.__libc_init_array
                0x0000000000001308       0x48 /home/brecht/Programs/SimplicityStudio_v4/developer/toolchains/gnu_arm/7.2_2017q4/bin/../lib/gcc/arm-none-eabi/7.2.1/../../../../arm-none-eabi/lib/thumb/v6-m/libc_nano.a(lib_a-init.o)
                0x0000000000001308                __libc_init_array
 .text.memset   0x0000000000001350       0x10 /home/brecht/Programs/SimplicityStudio_v4/developer/toolchains/gnu_arm/7.2_2017q4/bin/../lib/gcc/arm-none-eabi/7.2.1/../../../../arm-none-eabi/lib/thumb/v6-m/libc_nano.a(lib_a-memset.o)
                0x0000000000001350                memset
 .text._exit    0x0000000000001360        0x4 /home/brecht/Programs/SimplicityStudio_v4/developer/toolchains/gnu_arm/7.2_2017q4/bin/../lib/gcc/arm-none-eabi/7.2.1/../../../../arm-none-eabi/lib/thumb/v6-m/libnosys.a(_exit.o)
                0x0000000000001360                _exit
 *(.init)
 .init          0x0000000000001364        0x4 /home/brecht/Programs/SimplicityStudio_v4/developer/toolchains/gnu_arm/7.2_2017q4/bin/../lib/gcc/arm-none-eabi/7.2.1/thumb/v6-m/crti.o
                0x0000000000001364                _init
 .init          0x0000000000001368        0x8 /home/brecht/Programs/SimplicityStudio_v4/developer/toolchains/gnu_arm/7.2_2017q4/bin/../lib/gcc/arm-none-eabi/7.2.1/thumb/v6-m/crtn.o
 *(.fini)
 .fini          0x0000000000001370        0x4 /home/brecht/Programs/SimplicityStudio_v4/developer/toolchains/gnu_arm/7.2_2017q4/bin/../lib/gcc/arm-none-eabi/7.2.1/thumb/v6-m/crti.o
                0x0000000000001370                _fini
 .fini          0x0000000000001374        0x8 /home/brecht/Programs/SimplicityStudio_v4/developer/toolchains/gnu_arm/7.2_2017q4/bin/../lib/gcc/arm-none-eabi/7.2.1/thumb/v6-m/crtn.o
 *crtbegin.o(.ctors)
 *crtbegin?.o(.ctors)
 *(EXCLUDE_FILE(*crtend.o *crtend?.o) .ctors)
 *(SORT_BY_NAME(.ctors.*))
 *(.ctors)
 *crtbegin.o(.dtors)
 *crtbegin?.o(.dtors)
 *(EXCLUDE_FILE(*crtend.o *crtend?.o) .dtors)
 *(SORT_BY_NAME(.dtors.*))
 *(.dtors)
 *(.rodata*)
 .rodata        0x000000000000137c       0x6c ./BSP/bsp_stk_leds.o
 .rodata.ledArray
                0x00000000000013e8       0x10 ./BSP/bsp_stk_leds.o
 .rodata        0x00000000000013f8       0xd6 ./emlib/em_cmu.o
 *fill*         0x00000000000014ce        0x2 
 .rodata.CMU_ClockEnable
                0x00000000000014d0       0x2c ./emlib/em_cmu.o
 .rodata.CMU_ClockSelectGet
                0x00000000000014fc       0x20 ./emlib/em_cmu.o
 .rodata        0x000000000000151c       0xd7 ./emlib/em_gpio.o
 *fill*         0x00000000000015f3        0x1 
 .rodata._global_impure_ptr
                0x00000000000015f4        0x4 /home/brecht/Programs/SimplicityStudio_v4/developer/toolchains/gnu_arm/7.2_2017q4/bin/../lib/gcc/arm-none-eabi/7.2.1/../../../../arm-none-eabi/lib/thumb/v6-m/libc_nano.a(lib_a-impure.o)
                0x00000000000015f4                _global_impure_ptr
 *(.eh_frame*)
 .eh_frame      0x00000000000015f8        0x0 /home/brecht/Programs/SimplicityStudio_v4/developer/toolchains/gnu_arm/7.2_2017q4/bin/../lib/gcc/arm-none-eabi/7.2.1/thumb/v6-m/crtbegin.o
 .eh_frame      0x00000000000015f8        0x4 /home/brecht/Programs/SimplicityStudio_v4/developer/toolchains/gnu_arm/7.2_2017q4/bin/../lib/gcc/arm-none-eabi/7.2.1/thumb/v6-m/crtend.o

.glue_7         0x00000000000015fc        0x0
 .glue_7        0x00000000000015fc        0x0 linker stubs

.glue_7t        0x00000000000015fc        0x0
 .glue_7t       0x00000000000015fc        0x0 linker stubs

.vfp11_veneer   0x00000000000015fc        0x0
 .vfp11_veneer  0x00000000000015fc        0x0 linker stubs

.v4_bx          0x00000000000015fc        0x0
 .v4_bx         0x00000000000015fc        0x0 linker stubs

.iplt           0x00000000000015fc        0x0
 .iplt          0x00000000000015fc        0x0 /home/brecht/Programs/SimplicityStudio_v4/developer/toolchains/gnu_arm/7.2_2017q4/bin/../lib/gcc/arm-none-eabi/7.2.1/thumb/v6-m/crtbegin.o

.ARM.extab
 *(.ARM.extab* .gnu.linkonce.armextab.*)
                0x00000000000015fc                __exidx_start = .

.ARM.exidx      0x00000000000015fc        0x8
 *(.ARM.exidx* .gnu.linkonce.armexidx.*)
 .ARM.exidx     0x00000000000015fc        0x8 /home/brecht/Programs/SimplicityStudio_v4/developer/toolchains/gnu_arm/7.2_2017q4/bin/../lib/gcc/arm-none-eabi/7.2.1/../../../../arm-none-eabi/lib/thumb/v6-m/crt0.o
                0x0000000000001604                __exidx_end = .
                0x0000000000001604                __etext = .

.rel.dyn        0x0000000000001604        0x0
 .rel.iplt      0x0000000000001604        0x0 /home/brecht/Programs/SimplicityStudio_v4/developer/toolchains/gnu_arm/7.2_2017q4/bin/../lib/gcc/arm-none-eabi/7.2.1/thumb/v6-m/crtbegin.o

.data           0x0000000020000000       0x78 load address 0x0000000000001604
                0x0000000020000000                __data_start__ = .
 *(vtable)
 *(.data*)
 .data.SystemHFXOClock
                0x0000000020000000        0x4 ./CMSIS/EFM32HG/system_efm32hg.o
 .data.SystemLFXOClock
                0x0000000020000004        0x4 ./CMSIS/EFM32HG/system_efm32hg.o
 .data.SystemCoreClock
                0x0000000020000008        0x4 ./CMSIS/EFM32HG/system_efm32hg.o
                0x0000000020000008                SystemCoreClock
 .data.ushfrcoFreq
                0x000000002000000c        0x4 ./emlib/em_cmu.o
 .data.impure_data
                0x0000000020000010       0x60 /home/brecht/Programs/SimplicityStudio_v4/developer/toolchains/gnu_arm/7.2_2017q4/bin/../lib/gcc/arm-none-eabi/7.2.1/../../../../arm-none-eabi/lib/thumb/v6-m/libc_nano.a(lib_a-impure.o)
                0x0000000020000070                . = ALIGN (0x4)
 *(.ram)
                0x0000000020000070                . = ALIGN (0x4)
                0x0000000020000070                PROVIDE (__preinit_array_start, .)
 *(.preinit_array)
                0x0000000020000070                PROVIDE (__preinit_array_end, .)
                0x0000000020000070                . = ALIGN (0x4)
                0x0000000020000070                PROVIDE (__init_array_start, .)
 *(SORT_BY_NAME(.init_array.*))
 *(.init_array)
 .init_array    0x0000000020000070        0x4 /home/brecht/Programs/SimplicityStudio_v4/developer/toolchains/gnu_arm/7.2_2017q4/bin/../lib/gcc/arm-none-eabi/7.2.1/thumb/v6-m/crtbegin.o
                0x0000000020000074                PROVIDE (__init_array_end, .)
                0x0000000020000074                . = ALIGN (0x4)
                [!provide]                        PROVIDE (__fini_array_start, .)
 *(SORT_BY_NAME(.fini_array.*))
 *(.fini_array)
 .fini_array    0x0000000020000074        0x4 /home/brecht/Programs/SimplicityStudio_v4/developer/toolchains/gnu_arm/7.2_2017q4/bin/../lib/gcc/arm-none-eabi/7.2.1/thumb/v6-m/crtbegin.o
                [!provide]                        PROVIDE (__fini_array_end, .)
 *(.jcr*)
                0x0000000020000078                . = ALIGN (0x4)
                0x0000000020000078                __data_end__ = .

.igot.plt       0x0000000020000078        0x0 load address 0x000000000000167c
 .igot.plt      0x0000000020000078        0x0 /home/brecht/Programs/SimplicityStudio_v4/developer/toolchains/gnu_arm/7.2_2017q4/bin/../lib/gcc/arm-none-eabi/7.2.1/thumb/v6-m/crtbegin.o

.bss            0x0000000020000078       0x20 load address 0x000000000000167c
                0x0000000020000078                . = ALIGN (0x4)
                0x0000000020000078                __bss_start__ = .
 *(.bss*)
 .bss           0x0000000020000078       0x1c /home/brecht/Programs/SimplicityStudio_v4/developer/toolchains/gnu_arm/7.2_2017q4/bin/../lib/gcc/arm-none-eabi/7.2.1/thumb/v6-m/crtbegin.o
 .bss.msTicks   0x0000000020000094        0x4 ./src/blink.o
 *(COMMON)
                0x0000000020000098                . = ALIGN (0x4)
                0x0000000020000098                __bss_end__ = .

.heap           0x0000000020000098      0x400
                0x0000000020000098                __HeapBase = .
                0x0000000020000098                __end__ = .
                0x0000000020000098                end = __end__
                0x0000000020000098                _end = __end__
 *(.heap*)
 .heap          0x0000000020000098      0x400 ./CMSIS/EFM32HG/startup_efm32hg.o
                0x0000000020000498                __HeapLimit = .

.stack_dummy    0x0000000020000098      0x400
 *(.stack*)
 .stack         0x0000000020000098      0x400 ./CMSIS/EFM32HG/startup_efm32hg.o
                0x0000000020002000                __StackTop = (ORIGIN (RAM) + LENGTH (RAM))
                0x0000000020001c00                __StackLimit = (__StackTop - SIZEOF (.stack_dummy))
                0x0000000020002000                PROVIDE (__stack, __StackTop)
                0x0000000000000001                ASSERT ((__StackLimit >= __HeapLimit), region RAM overflowed with stack)
                0x0000000000000001                ASSERT ((LENGTH (FLASH) >= (__etext + SIZEOF (.data))), FLASH memory overflowed !)
OUTPUT(SLSTK3400A_blink_2.axf elf32-littlearm)

.ARM.attributes
                0x0000000000000000       0x28
 .ARM.attributes
                0x0000000000000000       0x1e /home/brecht/Programs/SimplicityStudio_v4/developer/toolchains/gnu_arm/7.2_2017q4/bin/../lib/gcc/arm-none-eabi/7.2.1/thumb/v6-m/crti.o
 .ARM.attributes
                0x000000000000001e       0x2c /home/brecht/Programs/SimplicityStudio_v4/developer/toolchains/gnu_arm/7.2_2017q4/bin/../lib/gcc/arm-none-eabi/7.2.1/thumb/v6-m/crtbegin.o
 .ARM.attributes
                0x000000000000004a       0x1b /home/brecht/Programs/SimplicityStudio_v4/developer/toolchains/gnu_arm/7.2_2017q4/bin/../lib/gcc/arm-none-eabi/7.2.1/../../../../arm-none-eabi/lib/thumb/v6-m/crt0.o
 .ARM.attributes
                0x0000000000000065       0x32 ./BSP/bsp_stk_leds.o
 .ARM.attributes
                0x0000000000000097       0x1b ./CMSIS/EFM32HG/startup_efm32hg.o
 .ARM.attributes
                0x00000000000000b2       0x32 ./CMSIS/EFM32HG/system_efm32hg.o
 .ARM.attributes
                0x00000000000000e4       0x32 ./emlib/em_assert.o
 .ARM.attributes
                0x0000000000000116       0x32 ./emlib/em_cmu.o
 .ARM.attributes
                0x0000000000000148       0x32 ./emlib/em_gpio.o
 .ARM.attributes
                0x000000000000017a       0x32 ./src/blink.o
 .ARM.attributes
                0x00000000000001ac       0x1e /home/brecht/Programs/SimplicityStudio_v4/developer/toolchains/gnu_arm/7.2_2017q4/bin/../lib/gcc/arm-none-eabi/7.2.1/thumb/v6-m/libgcc.a(_udivsi3.o)
 .ARM.attributes
                0x00000000000001ca       0x1e /home/brecht/Programs/SimplicityStudio_v4/developer/toolchains/gnu_arm/7.2_2017q4/bin/../lib/gcc/arm-none-eabi/7.2.1/thumb/v6-m/libgcc.a(_dvmd_tls.o)
 .ARM.attributes
                0x00000000000001e8       0x2c /home/brecht/Programs/SimplicityStudio_v4/developer/toolchains/gnu_arm/7.2_2017q4/bin/../lib/gcc/arm-none-eabi/7.2.1/../../../../arm-none-eabi/lib/thumb/v6-m/libc_nano.a(lib_a-exit.o)
 .ARM.attributes
                0x0000000000000214       0x2c /home/brecht/Programs/SimplicityStudio_v4/developer/toolchains/gnu_arm/7.2_2017q4/bin/../lib/gcc/arm-none-eabi/7.2.1/../../../../arm-none-eabi/lib/thumb/v6-m/libc_nano.a(lib_a-impure.o)
 .ARM.attributes
                0x0000000000000240       0x2c /home/brecht/Programs/SimplicityStudio_v4/developer/toolchains/gnu_arm/7.2_2017q4/bin/../lib/gcc/arm-none-eabi/7.2.1/../../../../arm-none-eabi/lib/thumb/v6-m/libc_nano.a(lib_a-init.o)
 .ARM.attributes
                0x000000000000026c       0x2c /home/brecht/Programs/SimplicityStudio_v4/developer/toolchains/gnu_arm/7.2_2017q4/bin/../lib/gcc/arm-none-eabi/7.2.1/../../../../arm-none-eabi/lib/thumb/v6-m/libc_nano.a(lib_a-memset.o)
 .ARM.attributes
                0x0000000000000298       0x2c /home/brecht/Programs/SimplicityStudio_v4/developer/toolchains/gnu_arm/7.2_2017q4/bin/../lib/gcc/arm-none-eabi/7.2.1/../../../../arm-none-eabi/lib/thumb/v6-m/libnosys.a(_exit.o)
 .ARM.attributes
                0x00000000000002c4       0x2c /home/brecht/Programs/SimplicityStudio_v4/developer/toolchains/gnu_arm/7.2_2017q4/bin/../lib/gcc/arm-none-eabi/7.2.1/thumb/v6-m/crtend.o
 .ARM.attributes
                0x00000000000002f0       0x1e /home/brecht/Programs/SimplicityStudio_v4/developer/toolchains/gnu_arm/7.2_2017q4/bin/../lib/gcc/arm-none-eabi/7.2.1/thumb/v6-m/crtn.o

.comment        0x0000000000000000       0x7e
 .comment       0x0000000000000000       0x7e ./BSP/bsp_stk_leds.o
                                         0x7f (size before relaxing)
 .comment       0x000000000000007e       0x7f ./CMSIS/EFM32HG/system_efm32hg.o
 .comment       0x000000000000007e       0x7f ./emlib/em_assert.o
 .comment       0x000000000000007e       0x7f ./emlib/em_cmu.o
 .comment       0x000000000000007e       0x7f ./emlib/em_gpio.o
 .comment       0x000000000000007e       0x7f ./src/blink.o

.debug_info     0x0000000000000000     0x5c1b
 .debug_info    0x0000000000000000     0x1056 ./BSP/bsp_stk_leds.o
 .debug_info    0x0000000000001056       0x26 ./CMSIS/EFM32HG/startup_efm32hg.o
 .debug_info    0x000000000000107c      0xe41 ./CMSIS/EFM32HG/system_efm32hg.o
 .debug_info    0x0000000000001ebd       0x7a ./emlib/em_assert.o
 .debug_info    0x0000000000001f37     0x1c01 ./emlib/em_cmu.o
 .debug_info    0x0000000000003b38      0xf81 ./emlib/em_gpio.o
 .debug_info    0x0000000000004ab9     0x1162 ./src/blink.o

.debug_abbrev   0x0000000000000000      0xdcd
 .debug_abbrev  0x0000000000000000      0x25d ./BSP/bsp_stk_leds.o
 .debug_abbrev  0x000000000000025d       0x14 ./CMSIS/EFM32HG/startup_efm32hg.o
 .debug_abbrev  0x0000000000000271      0x25f ./CMSIS/EFM32HG/system_efm32hg.o
 .debug_abbrev  0x00000000000004d0       0x65 ./emlib/em_assert.o
 .debug_abbrev  0x0000000000000535      0x34e ./emlib/em_cmu.o
 .debug_abbrev  0x0000000000000883      0x29c ./emlib/em_gpio.o
 .debug_abbrev  0x0000000000000b1f      0x2ae ./src/blink.o

.debug_loc      0x0000000000000000     0x11cc
 .debug_loc     0x0000000000000000      0x2a0 ./BSP/bsp_stk_leds.o
 .debug_loc     0x00000000000002a0      0x1e8 ./CMSIS/EFM32HG/system_efm32hg.o
 .debug_loc     0x0000000000000488       0x38 ./emlib/em_assert.o
 .debug_loc     0x00000000000004c0      0x8fc ./emlib/em_cmu.o
 .debug_loc     0x0000000000000dbc      0x2a0 ./emlib/em_gpio.o
 .debug_loc     0x000000000000105c      0x170 ./src/blink.o

.debug_aranges  0x0000000000000000      0x358
 .debug_aranges
                0x0000000000000000       0x78 ./BSP/bsp_stk_leds.o
 .debug_aranges
                0x0000000000000078       0x20 ./CMSIS/EFM32HG/startup_efm32hg.o
 .debug_aranges
                0x0000000000000098       0x68 ./CMSIS/EFM32HG/system_efm32hg.o
 .debug_aranges
                0x0000000000000100       0x20 ./emlib/em_assert.o
 .debug_aranges
                0x0000000000000120      0x170 ./emlib/em_cmu.o
 .debug_aranges
                0x0000000000000290       0x78 ./emlib/em_gpio.o
 .debug_aranges
                0x0000000000000308       0x50 ./src/blink.o

.debug_ranges   0x0000000000000000      0x2d8
 .debug_ranges  0x0000000000000000       0x68 ./BSP/bsp_stk_leds.o
 .debug_ranges  0x0000000000000068       0x58 ./CMSIS/EFM32HG/system_efm32hg.o
 .debug_ranges  0x00000000000000c0       0x10 ./emlib/em_assert.o
 .debug_ranges  0x00000000000000d0      0x160 ./emlib/em_cmu.o
 .debug_ranges  0x0000000000000230       0x68 ./emlib/em_gpio.o
 .debug_ranges  0x0000000000000298       0x40 ./src/blink.o

.debug_line     0x0000000000000000     0x211b
 .debug_line    0x0000000000000000      0x5f6 ./BSP/bsp_stk_leds.o
 .debug_line    0x00000000000005f6       0xdc ./CMSIS/EFM32HG/startup_efm32hg.o
 .debug_line    0x00000000000006d2      0x43a ./CMSIS/EFM32HG/system_efm32hg.o
 .debug_line    0x0000000000000b0c       0xa2 ./emlib/em_assert.o
 .debug_line    0x0000000000000bae      0xae9 ./emlib/em_cmu.o
 .debug_line    0x0000000000001697      0x622 ./emlib/em_gpio.o
 .debug_line    0x0000000000001cb9      0x462 ./src/blink.o

.debug_str      0x0000000000000000     0x1b46
 .debug_str     0x0000000000000000      0xaa8 ./BSP/bsp_stk_leds.o
                                        0xb18 (size before relaxing)
 .debug_str     0x0000000000000aa8       0x9e ./CMSIS/EFM32HG/startup_efm32hg.o
                                         0xf3 (size before relaxing)
 .debug_str     0x0000000000000b46      0x2bb ./CMSIS/EFM32HG/system_efm32hg.o
                                        0x8a4 (size before relaxing)
 .debug_str     0x0000000000000e01       0x7c ./emlib/em_assert.o
                                        0x1b0 (size before relaxing)
 .debug_str     0x0000000000000e7d      0x8f7 ./emlib/em_cmu.o
                                       0x11df (size before relaxing)
 .debug_str     0x0000000000001774      0x1b2 ./emlib/em_gpio.o
                                        0xa40 (size before relaxing)
 .debug_str     0x0000000000001926      0x220 ./src/blink.o
                                        0xb1a (size before relaxing)

.debug_frame    0x0000000000000000      0xb74
 .debug_frame   0x0000000000000000      0x190 ./BSP/bsp_stk_leds.o
 .debug_frame   0x0000000000000190      0x138 ./CMSIS/EFM32HG/system_efm32hg.o
 .debug_frame   0x00000000000002c8       0x30 ./emlib/em_assert.o
 .debug_frame   0x00000000000002f8      0x550 ./emlib/em_cmu.o
 .debug_frame   0x0000000000000848      0x190 ./emlib/em_gpio.o
 .debug_frame   0x00000000000009d8       0xe8 ./src/blink.o
 .debug_frame   0x0000000000000ac0       0x20 /home/brecht/Programs/SimplicityStudio_v4/developer/toolchains/gnu_arm/7.2_2017q4/bin/../lib/gcc/arm-none-eabi/7.2.1/thumb/v6-m/libgcc.a(_udivsi3.o)
 .debug_frame   0x0000000000000ae0       0x28 /home/brecht/Programs/SimplicityStudio_v4/developer/toolchains/gnu_arm/7.2_2017q4/bin/../lib/gcc/arm-none-eabi/7.2.1/../../../../arm-none-eabi/lib/thumb/v6-m/libc_nano.a(lib_a-exit.o)
 .debug_frame   0x0000000000000b08       0x2c /home/brecht/Programs/SimplicityStudio_v4/developer/toolchains/gnu_arm/7.2_2017q4/bin/../lib/gcc/arm-none-eabi/7.2.1/../../../../arm-none-eabi/lib/thumb/v6-m/libc_nano.a(lib_a-init.o)
 .debug_frame   0x0000000000000b34       0x20 /home/brecht/Programs/SimplicityStudio_v4/developer/toolchains/gnu_arm/7.2_2017q4/bin/../lib/gcc/arm-none-eabi/7.2.1/../../../../arm-none-eabi/lib/thumb/v6-m/libc_nano.a(lib_a-memset.o)
 .debug_frame   0x0000000000000b54       0x20 /home/brecht/Programs/SimplicityStudio_v4/developer/toolchains/gnu_arm/7.2_2017q4/bin/../lib/gcc/arm-none-eabi/7.2.1/../../../../arm-none-eabi/lib/thumb/v6-m/libnosys.a(_exit.o)
